// Vitest Snapshot v1, https://vitest.dev/guide/snapshot.html

exports[`errorInfoToString > arity mismatch (too few args) 1`] = `
"[31mError:[0m [1mArity mismatch[0m

Expected 2 arguments, but got 1.

3|       pub let x = f(0)
 | [31m                  ~~~~[0m"
`;

exports[`errorInfoToString > arity mismatch (too many args) 1`] = `
"[31mError:[0m [1mArity mismatch[0m

Expected 1 arguments, but got 2.

3|       pub let x = f(0, 1)
 | [31m                       ~[0m"
`;

exports[`errorInfoToString > type error 1`] = `
"[31mError:[0m [1mType mismatch[0m

Expected:  Custom
     Got:  String


3|       pub let x: Custom = "abc"
 | [31m                          ~~~~~[0m"
`;

exports[`errorInfoToString > unbound variable 1`] = `
"[31mError:[0m [1mUnbound variable[0m

Cannot find variable "unbound_var"

1| pub let x = unbound_var
 | [31m            ~~~~~~~~~~~[0m"
`;
