// Vitest Snapshot v1, https://vitest.dev/guide/snapshot.html

exports[`errorInfoToString > unbound variable 1`] = `
"[31mError:[0m [1mUnbound variable[0m

Cannot find variable "unbound_var"

1| pub let x = unbound_var
 | [31m            ~~~~~~~~~~~[0m"
`;
